==============================================================================
SAMPLE SELECTION - ROAD INFRASTRUCTURE TENDERS
==============================================================================
Source: OECE-SEACE Open Data Portal
Study period: 2020-2025

[1] Reading OECE-SEACE source datasets...

  2020: procurement notices=60,580 | contract awards=61,103
  2021: procurement notices=58,306 | contract awards=58,721
  2022: procurement notices=67,890 | contract awards=68,153
  2023: procurement notices=67,459 | contract awards=68,464
  2024: procurement notices=67,275 | contract awards=67,466
  2025: procurement notices=63,790 | contract awards=63,966

  Procurement-notice records, 2020-2025: 385,300
  Contract-award records, 2020-2025: 387,873

[2] Validating required source columns...
  Required columns verified.

[3] Auditing source datasets...

  PROCUREMENT NOTICES
    Records: 385,300
    Procedure-item keys: 385,300
    Unique procedures: 336,106

  CONTRACT AWARDS
    Records: 387,873
    Procedure-item keys: 385,300
    Unique procedures: 336,106

[4] Auditing record linkage...
  Linkage key: codigoconvocatoria + n_item

  Procedure-item keys present in both sources: 385,300
  Procurement-notice-only keys: 0
  Contract-award-only keys: 0
  Procurement-notice linkage rate: 100.00%
  Contract-award linkage rate: 100.00%

[5] Linking procurement notices and contract awards...

  LINKED DATASET
    Records: 387,873
    Procedure-item keys: 385,300
    Unique procedures: 336,106

[6] Applying sample-selection criteria...

  Filter 1: Contractual object = 'Obra'
    Records: 64,542
    Procedure-item keys: 64,535
    Unique procedures: 63,781

  Filter 2: Road-infrastructure keywords
    Records: 9,879
    Procedure-item keys: 9,878
    Unique procedures: 9,755

  Filter 3: Reference amount > PEN 25,000,000
    Records: 232
    Procedure-item keys: 232
    Unique procedures: 231

  Filter 4: Selection procedure = 'Licitación Pública'
    Records: 149
    Procedure-item keys: 149
    Unique procedures: 148

  Filter 5: Exclusion criteria
    Records: 138
    Procedure-item keys: 138
    Unique procedures: 137

  Filter 6: Unique procurement procedures
    Records: 137
    Procedure-item keys: 137
    Unique procedures: 137

[7] Calculating award-time variables...
  Award-time variables calculated.

[8] Preparing final dataset...

[9] Saving reproducible outputs...
  Dataset: 00_1_sample_selection.xlsx
  Audit workbook: 00_2_sample_selection_flow.xlsx

==============================================================================
SOURCE AND LINKAGE AUDIT
==============================================================================
Dataset                            Records    Proc-item keys      Procedures
------------------------------------------------------------------------------
Procurement notices                385,300           385,300         336,106
Contract awards                    387,873           385,300         336,106
Linked dataset                     387,873           385,300         336,106

Matched procedure-item keys: 385,300
Procurement-notice-only keys: 0
Contract-award-only keys: 0

==============================================================================
METHODOLOGICAL FUNNEL
==============================================================================
Stage                      Unique procedures
--------------------------------------------
Analytical population                336,106
Filter 1                              63,781
Filter 2                               9,755
Filter 3                                 231
Filter 4                                 148
Filter 5                                 137
Final sample                             137

==============================================================================
SAMPLE-SELECTION AUDIT
==============================================================================
Stage              Records    Proc-item keys      Procedures
------------------------------------------------------------------------------
Filter 1            64,542            64,535          63,781
Filter 2             9,879             9,878           9,755
Filter 3               232               232             231
Filter 4               149               149             148
Filter 5               138               138             137
Filter 6               137               137             137

==============================================================================
FINAL SAMPLE: 137 unique procedures
==============================================================================