==============================================================================
METHODOLOGICAL ASSESSMENT - ROAD INFRASTRUCTURE TENDERS
==============================================================================
Purpose: Close the statistical-analysis phase before stochastic modeling

[1] Validating analytical inputs...
  Found: 03_1_integrated_dataset.xlsx
  Found: 07_1_scenario_definition.xlsx
  Found: 08_1_scenario_robustness.xlsx
  Found: 09_1_distribution_fitting.xlsx
  Found: 10_1_distribution_diagnostics.xlsx

[2] Reading source datasets...
  Master rows: 137
  Scenario-audit rows: 137
  Distribution-fit rows: 24

[3] Auditing analytical contract...
  Master analytical sample: 137
  Query-count coverage: 137/137
  Total-award-time coverage: 136/137
  Complete temporal decompositions: 109/137

[4] Auditing readiness of Objectives 1 and 2...
  Objective 1: READY (master analytical population n=137)
  Objective 2: CAUTION (evidence strong; final analytical role still to be prespecified)

[5] Establishing full-sample relationship reference...
  Primary complete cases: 136
  Pearson r=0.3457 (p=3.74844e-05)
  Spearman rho=0.5453 (p=6.67301e-12)
  Kendall tau=0.3717 (p=1.86227e-10)

[6] Quantifying bootstrap precision...
  Pearson: 0.3457 [0.2215, 0.4780]
  Spearman: 0.5453 [0.4230, 0.6473]
  Kendall: 0.3717 [0.2811, 0.4603]
  Low: n=46; median=43.50; SD=37.07; P90=108.00
  Medium: n=46; median=83.50; SD=84.58; P90=240.50
  High: n=44; median=126.00; SD=82.13; P90=242.80

[7] Evaluating relationship stability under subsampling...
  n=40: median rho=0.5351; positive=100.00%; within ±0.10 of full=70.10%
  n=60: median rho=0.5444; positive=100.00%; within ±0.10 of full=86.70%
  n=80: median rho=0.5393; positive=100.00%; within ±0.10 of full=95.80%
  n=100: median rho=0.5448; positive=100.00%; within ±0.10 of full=99.20%
  n=120: median rho=0.5434; positive=100.00%; within ±0.10 of full=100.00%

[8] Evaluating Low-Medium-High scenario stability...
  n=40: strict Low<Medium<High median order=85.40%; Kruskal p<0.05=96.00%
  n=60: strict Low<Medium<High median order=95.50%; Kruskal p<0.05=99.90%
  n=80: strict Low<Medium<High median order=99.30%; Kruskal p<0.05=100.00%
  n=100: strict Low<Medium<High median order=100.00%; Kruskal p<0.05=100.00%
  n=120: strict Low<Medium<High median order=100.00%; Kruskal p<0.05=100.00%

[9] Consolidating distributional evidence...
  Low: Lognormal; n=46; bootstrap KS p=0.0010; readiness=CAUTION
  Medium: Lognormal; n=46; bootstrap KS p=0.6723; readiness=READY
  High: Lognormal; n=44; bootstrap KS p=0.9730; readiness=READY

[10] Assessing empirical rationale for stochastic modeling...
  Non-degenerate within-scenario variability: True
  Multiple observed award times in every scenario: True
  Stochastic representation rationale: READY

[11] Assessing Monte Carlo methodological role...
  empirical_uncertainty_exists: READY
  probability_model_available: CAUTION
  monte_carlo_additional_value: CAUTION
  iteration_count_justification: NOT_YET_ASSESSED
  final_monte_carlo_authorization: CAUTION

[12] Assessing discrete-event simulation feasibility...
  Complete stage decompositions: 109/137 (79.56%)
  Exact stage-sum reconstruction: 100.00%
  Stage-duration Spearman rho: 0.2888 (p=0.00232374)
  DES data-readiness status: CAUTION

[13] Assessing temporal-validation feasibility...
  2020: n=13; total-time coverage=100.00%; stage coverage=100.00%
  2021: n=16; total-time coverage=100.00%; stage coverage=100.00%
  2022: n=20; total-time coverage=100.00%; stage coverage=100.00%
  2023: n=20; total-time coverage=100.00%; stage coverage=100.00%
  2024: n=35; total-time coverage=97.14%; stage coverage=60.00%
  2025: n=33; total-time coverage=100.00%; stage coverage=57.58%

[14] Building sample-size and precision readiness audit...
  primary_relationship: READY
  scenario_ordering: READY
  probability_distribution_fitting: CAUTION
  discrete_event_stage_modeling: CAUTION

[15] Building final component-specific methodological readiness...
  Master analytical population           | READY
  Primary relationship analysis          | READY
  Low-Medium-High scenario structure     | READY
  Low probability representation         | CAUTION
  Medium probability representation      | READY
  High probability representation        | READY
  Stochastic modeling rationale          | READY
  Monte Carlo simulation                 | CAUTION
  Discrete-event simulation              | CAUTION
  Temporal validation                    | CAUTION
  Final stochastic model                 | NOT_YET_ASSESSED

[16] Creating prespecified next-phase protocol...
  Next-phase protocol created.

[17] Saving reproducible methodological-assessment outputs...
  Output workbook: 11_1_methodological_assessment.xlsx
  Log file: 11_methodological_assessment.log

==============================================================================
METHODOLOGICAL ASSESSMENT AUDIT
==============================================================================
Master analytical procedures:          137
Primary relationship sample:           136
Complete temporal decompositions:      109 (79.56%)
Bootstrap iterations:                  10,000
Subsample iterations per size:         1,000

PRIMARY RELATIONSHIP
------------------------------------------------------------------------------
Pearson r:                            0.3457
Spearman rho:                         0.5453
Kendall tau:                          0.3717

COMPONENT READINESS
------------------------------------------------------------------------------
Master analytical population             READY
Primary relationship analysis            READY
Low-Medium-High scenario structure       READY
Low probability representation           CAUTION
Medium probability representation        READY
High probability representation          READY
Stochastic modeling rationale            READY
Monte Carlo simulation                   CAUTION
Discrete-event simulation                CAUTION
Temporal validation                      CAUTION
Final stochastic model                   NOT_YET_ASSESSED

SCIENTIFIC INTERPRETATION
------------------------------------------------------------------------------
- n=137 is treated as the prespecified master analytical population, not as an arbitrary minimum sample size.
- Sample adequacy is evaluated component by component using precision and empirical stability rather than a universal n rule.
- Bootstrap procedures quantify sampling uncertainty; they are not the final Monte Carlo award-time simulation.
- Subsampling evaluates robustness to reduced information; it does not create new independent observations.
- Evidence of stochastic variability does not automatically justify a particular probability distribution.
- Monte Carlo remains a candidate uncertainty-propagation method pending formal model specification and convergence analysis.
- The originally proposed 10,000 iterations are not accepted as self-justifying; convergence must be demonstrated.
- DES remains conditional on stage-level data sufficiency, dependence structure, and incremental scientific value.
- No causal interpretation is authorized by this assessment.
- No observations were deleted, no missing values were imputed, and the master analytical sample remains n=137.

==============================================================================
PIPELINE STATUS: READY_FOR_MODEL_SPECIFICATION_WITH_RECORDED_CAUTIONS
==============================================================================
